// Jest Snapshot v1, https://goo.gl/fbAQLP

exports[`TimerTitle should render correctly 1`] = `
<div>
  <h2
    className="timer-view-name__h2"
  >
    Hello
  </h2>
  <h1
    className="timer-view-time__h1"
  >
    0:0:0.0
  </h1>
  <small>
    0
  </small>
</div>
`;
